\BOOKMARK [1][-]{section.1}{\376\377\176\352\213\272\000\040\000\050\0002\133\146\145\366\000\040\133\227\142\020\136\206\000\051}{}% 1
\BOOKMARK [2][-]{subsection.1.1}{\376\377\127\372\147\054\151\202\137\365}{section.1}% 2
\BOOKMARK [2][-]{subsection.1.2}{\376\377\225\356\230\230\143\021\142\030}{section.1}% 3
\BOOKMARK [2][-]{subsection.1.3}{\376\377\142\200\147\057\145\271\154\325}{section.1}% 4
\BOOKMARK [3][-]{subsubsection.1.3.1}{\376\377\0001\000.\000\040\164\006\140\047\116\073\116\111\000\040\000\050\000R\000a\000t\000i\000o\000n\000a\000l\000i\000s\000m\000\051\000\040\000-\000\040\173\046\123\367\220\073\217\221}{subsection.1.3}% 5
\BOOKMARK [3][-]{subsubsection.1.3.2}{\376\377\0002\000.\000\040\176\317\232\214\116\073\116\111\000\040\000\050\000E\000m\000p\000i\000r\000i\000c\000i\000s\000m\000\051\000\040\000-\000\040\176\337\213\241\133\146\116\140}{subsection.1.3}% 6
\BOOKMARK [3][-]{subsubsection.1.3.3}{\376\377\0003\000.\000\040\217\336\143\245\116\073\116\111\000\040\000\050\000C\000o\000n\000n\000e\000c\000t\000i\000o\000n\000i\000s\000m\000\051\000\040\000-\000\040\155\361\136\246\133\146\116\140}{subsection.1.3}% 7
\BOOKMARK [2][-]{subsection.1.4}{\376\377\213\376\172\013\121\205\133\271\116\016\200\003\150\070}{section.1}% 8
\BOOKMARK [1][-]{section.2}{\376\377\176\337\213\241\133\146\116\140\127\372\170\100\000\040\000\050\0004\133\146\145\366\000\040\133\227\142\020\136\206\000\051}{}% 9
\BOOKMARK [2][-]{subsection.2.1}{\376\377\151\202\163\207\213\272\165\145\211\310}{section.2}% 10
\BOOKMARK [3][-]{subsubsection.2.1.1}{\376\377\127\372\147\054\151\202\137\365\126\336\230\176}{subsection.2.1}% 11
\BOOKMARK [3][-]{subsubsection.2.1.2}{\376\377\226\217\147\072\217\307\172\013\000\040\000\050\000S\000t\000o\000c\000h\000a\000s\000t\000i\000c\000\040\000P\000r\000o\000c\000e\000s\000s\000\051}{subsection.2.1}% 12
\BOOKMARK [2][-]{subsection.2.2}{\376\377\237\120\131\053\133\232\137\213\000\040\000\050\000Z\000i\000p\000f\000'\000s\000\040\000L\000a\000w\000\051}{section.2}% 13
\BOOKMARK [2][-]{subsection.2.3}{\376\377\117\341\140\157\213\272\127\372\170\100}{section.2}% 14
\BOOKMARK [3][-]{subsubsection.2.3.1}{\376\377\161\265\000\040\000\050\000E\000n\000t\000r\000o\000p\000y\000\051\000\040\116\016\000\040\213\355\212\000\161\265}{subsection.2.3}% 15
\BOOKMARK [3][-]{subsubsection.2.3.2}{\376\377\116\222\117\341\140\157\000\040\000\050\000M\000u\000t\000u\000a\000l\000\040\000I\000n\000f\000o\000r\000m\000a\000t\000i\000o\000n\000\051}{subsection.2.3}% 16
\BOOKMARK [3][-]{subsubsection.2.3.3}{\376\377\166\370\133\371\161\265\116\016\116\244\123\311\161\265\000\040\000\050\221\315\160\271\217\250\147\220\000\051}{subsection.2.3}% 17
\BOOKMARK [3][-]{subsubsection.2.3.4}{\376\377\126\360\140\321\136\246\000\040\000\050\000P\000e\000r\000p\000l\000e\000x\000i\000t\000y\000\051}{subsection.2.3}% 18
\BOOKMARK [2][-]{subsection.2.4}{\376\377\176\337\213\241\133\146\116\140\152\041\127\213\122\006\174\173}{section.2}% 19
\BOOKMARK [3][-]{subsubsection.2.4.1}{\376\377\165\037\142\020\137\017\152\041\127\213\000\040\000\050\000G\000e\000n\000e\000r\000a\000t\000i\000v\000e\000\040\000M\000o\000d\000e\000l\000\051}{subsection.2.4}% 20
\BOOKMARK [3][-]{subsubsection.2.4.2}{\376\377\122\044\122\053\137\017\152\041\127\213\000\040\000\050\000D\000i\000s\000c\000r\000i\000m\000i\000n\000a\000t\000i\000v\000e\000\040\000M\000o\000d\000e\000l\000\051}{subsection.2.4}% 21
\BOOKMARK [2][-]{subsection.2.5}{\376\377\147\000\131\047\161\265\152\041\127\213\000\040\000\050\000M\000a\000x\000E\000n\000t\000\051}{section.2}% 22
\BOOKMARK [3][-]{subsubsection.2.5.1}{\376\377\150\070\137\303\123\237\164\006}{subsection.2.5}% 23
\BOOKMARK [2][-]{subsection.2.6}{\376\377\127\050\000N\000L\000P\166\204\136\224\165\050\377\032\213\315\116\111\155\210\211\343}{section.2}% 24
\BOOKMARK [3][-]{subsubsection.2.6.1}{\376\377\145\160\133\146\133\232\116\111}{subsection.2.6}% 25
\BOOKMARK [3][-]{subsubsection.2.6.2}{\376\377\0003\000.\000\040\136\224\165\050\133\236\117\213\377\032\213\315\116\111\155\210\153\147\000\040\000\050\000W\000S\000D\000\051}{subsection.2.6}% 26
\BOOKMARK [3][-]{subsubsection.2.6.3}{\376\377\0004\000.\000\040\123\302\145\160\213\255\176\303\377\032\220\032\165\050\217\355\116\343\134\072\136\246\154\325\000\040\000\050\000G\000I\000S\000\051}{subsection.2.6}% 27
\BOOKMARK [2][-]{subsection.2.7}{\376\377\147\141\116\366\226\217\147\072\127\072\000\040\000\050\000C\000R\000F\000\051}{section.2}% 28
\BOOKMARK [3][-]{subsubsection.2.7.1}{\376\377\116\072\116\300\116\110\227\000\211\201\000\040\000C\000R\000F\377\037}{subsection.2.7}% 29
\BOOKMARK [3][-]{subsubsection.2.7.2}{\376\377\176\277\140\047\224\376\000\040\000C\000R\000F\000\040\152\041\127\213}{subsection.2.7}% 30
\BOOKMARK [3][-]{subsubsection.2.7.3}{\376\377\000C\000R\000F\000\040\166\204\211\343\170\001\377\032\000V\000i\000t\000e\000r\000b\000i\000\040\173\227\154\325}{subsection.2.7}% 31
\BOOKMARK [2][-]{subsection.2.8}{\376\377\127\372\116\216\000C\000R\000F\166\204\133\127\150\007\154\350\122\006\213\315\145\271\154\325}{section.2}% 32
\BOOKMARK [3][-]{subsubsection.2.8.1}{\376\377\0001\000.\000\040\127\372\147\054\140\035\140\363}{subsection.2.8}% 33
\BOOKMARK [3][-]{subsubsection.2.8.2}{\376\377\0002\000.\000\040\150\007\154\350\226\306\000\040\000\050\000T\000a\000g\000s\000e\000t\000\051}{subsection.2.8}% 34
\BOOKMARK [3][-]{subsubsection.2.8.3}{\376\377\0003\000.\000\040\150\007\154\350\133\236\117\213}{subsection.2.8}% 35
\BOOKMARK [3][-]{subsubsection.2.8.4}{\376\377\0004\000.\000\040\162\171\137\201\152\041\147\177\000\040\000\050\000F\000e\000a\000t\000u\000r\000e\000\040\000T\000e\000m\000p\000l\000a\000t\000e\000s\000\051}{subsection.2.8}% 36
\BOOKMARK [3][-]{subsubsection.2.8.5}{\376\377\0005\000.\000\040\117\030\122\277\140\073\176\323}{subsection.2.8}% 37
\BOOKMARK [1][-]{section.3}{\376\377\000N\121\103\145\207\154\325\152\041\127\213\000\040\000\050\0006\133\146\145\366\000\040\133\227\142\020\136\206\000\051}{}% 38
\BOOKMARK [2][-]{subsection.3.1}{\376\377\152\041\127\213\133\232\116\111\000\040\000\050\000M\000o\000d\000e\000l\000\040\000D\000e\000f\000i\000n\000i\000t\000i\000o\000n\000\051}{section.3}% 39
\BOOKMARK [3][-]{subsubsection.3.1.1}{\376\377\0001\000.\000\040\213\355\212\000\152\041\127\213\116\016\224\376\137\017\154\325\122\031}{subsection.3.1}% 40
\BOOKMARK [3][-]{subsubsection.3.1.2}{\376\377\0002\000.\000\040\232\154\134\024\123\357\131\053\120\107\213\276\000\040\000\050\000M\000a\000r\000k\000o\000v\000\040\000A\000s\000s\000u\000m\000p\000t\000i\000o\000n\000\051}{subsection.3.1}% 41
\BOOKMARK [3][-]{subsubsection.3.1.3}{\376\377\0003\000.\000\040\136\070\211\301\000\040\000N\000-\000g\000r\000a\000m\000\040\152\041\127\213}{subsection.3.1}% 42
\BOOKMARK [2][-]{subsection.3.2}{\376\377\123\302\145\160\117\060\213\241\000\040\000\050\000P\000a\000r\000a\000m\000e\000t\000e\000r\000\040\000E\000s\000t\000i\000m\000a\000t\000i\000o\000n\000\051}{section.3}% 43
\BOOKMARK [3][-]{subsubsection.3.2.1}{\376\377\147\000\131\047\117\074\161\066\117\060\213\241\000\040\000\050\000M\000L\000E\000\051}{subsection.3.2}% 44
\BOOKMARK [3][-]{subsubsection.3.2.2}{\376\377\133\236\117\213\213\241\173\227\000\040\000\050\000T\000h\000e\000\040\000"\000J\000o\000h\000n\000\040\000r\000e\000a\000d\000\040\000M\000o\000b\000y\000\040\000D\000i\000c\000k\000"\000\040\000E\000x\000a\000m\000p\000l\000e\000\051}{subsection.3.2}% 45
\BOOKMARK [2][-]{subsection.3.3}{\376\377\145\160\143\156\136\163\156\321\000\040\000\050\000D\000a\000t\000a\000\040\000S\000m\000o\000o\000t\000h\000i\000n\000g\000\051}{section.3}% 46
\BOOKMARK [3][-]{subsubsection.3.3.1}{\376\377\116\072\116\300\116\110\211\201\136\163\156\321\377\037}{subsection.3.3}% 47
\BOOKMARK [3][-]{subsubsection.3.3.2}{\376\377\0001\000.\000\040\122\240\0001\136\163\156\321\000\040\000\050\000A\000d\000d\000-\000o\000n\000e\000\040\000/\000\040\000L\000a\000p\000l\000a\000c\000e\000\040\000S\000m\000o\000o\000t\000h\000i\000n\000g\000\051}{subsection.3.3}% 48
\BOOKMARK [3][-]{subsubsection.3.3.3}{\376\377\0002\000.\000\040\000G\000o\000o\000d\000-\000T\000u\000r\000i\000n\000g\000\040\117\060\213\241\000\040\000\050\221\315\160\271\164\006\211\343\000\051}{subsection.3.3}% 49
\BOOKMARK [3][-]{subsubsection.3.3.4}{\376\377\0003\000.\000\040\176\277\140\047\143\322\120\074\154\325\000\040\000\050\000L\000i\000n\000e\000a\000r\000\040\000I\000n\000t\000e\000r\000p\000o\000l\000a\000t\000i\000o\000n\000\051}{subsection.3.3}% 50
\BOOKMARK [2][-]{subsection.3.4}{\376\377\152\041\127\213\213\304\116\367}{section.3}% 51
\BOOKMARK [2][-]{subsection.3.5}{\376\377\121\170\127\213\136\224\165\050\377\032\227\363\133\127\217\154\143\142\000\040\000\050\000P\000i\000n\000y\000i\000n\000-\000t\000o\000-\000C\000h\000a\000r\000a\000c\000t\000e\000r\000\051}{section.3}% 52
\BOOKMARK [1][-]{section.4}{\376\377\117\040\176\337\000N\000L\000P\121\163\225\056\142\200\147\057\000\040\000\050\0006\133\146\145\366\000\040\133\227\142\020\136\206\000\051}{}% 53
\BOOKMARK [2][-]{subsection.4.1}{\376\377\213\315\213\355\122\007\122\006\116\016\124\175\124\015\133\236\117\123\213\306\122\053\000\040\000\050\000L\000e\000x\000i\000c\000a\000l\000\040\000A\000n\000a\000l\000y\000s\000i\000s\000\051}{section.4}% 54
\BOOKMARK [3][-]{subsubsection.4.1.1}{\376\377\0001\000.\000\040\122\006\213\315\226\276\160\271\377\032\153\147\116\111\116\016\147\052\166\173\137\125\213\315}{subsection.4.1}% 55
\BOOKMARK [3][-]{subsubsection.4.1.2}{\376\377\0002\000.\000\040\147\072\150\260\122\007\122\006\173\227\154\325\000\040\000\050\000R\000u\000l\000e\000-\000b\000a\000s\000e\000d\000\051}{subsection.4.1}% 56
\BOOKMARK [3][-]{subsubsection.4.1.3}{\376\377\0003\000.\000\040\176\337\213\241\122\006\213\315\145\271\154\325\000\040\000\050\000S\000t\000a\000t\000i\000s\000t\000i\000c\000a\000l\000\051}{subsection.4.1}% 57
\BOOKMARK [3][-]{subsubsection.4.1.4}{\376\377\0004\000.\000\040\133\120\213\315\122\007\122\006\000\040\000\050\000S\000u\000b\000w\000o\000r\000d\000\040\000S\000e\000g\000m\000e\000n\000t\000a\000t\000i\000o\000n\000\051}{subsection.4.1}% 58
\BOOKMARK [3][-]{subsubsection.4.1.5}{\376\377\0005\000.\000\040\213\315\140\047\150\007\154\350\116\016\124\175\124\015\133\236\117\123\213\306\122\053}{subsection.4.1}% 59
\BOOKMARK [2][-]{subsection.4.2}{\376\377\123\345\154\325\122\006\147\220\000\040\000\050\000S\000y\000n\000t\000a\000c\000t\000i\000c\000\040\000P\000a\000r\000s\000i\000n\000g\000\051}{section.4}% 60
\BOOKMARK [3][-]{subsubsection.4.2.1}{\376\377\0001\000.\000\040\167\355\213\355\176\323\147\204\122\006\147\220\000\040\000\050\000P\000h\000r\000a\000s\000e\000\040\000S\000t\000r\000u\000c\000t\000u\000r\000e\000\040\000P\000a\000r\000s\000i\000n\000g\000\051}{subsection.4.2}% 61
\BOOKMARK [3][-]{subsubsection.4.2.2}{\376\377\0002\000.\000\040\117\235\133\130\123\345\154\325\122\006\147\220\000\040\000\050\000D\000e\000p\000e\000n\000d\000e\000n\000c\000y\000\040\000P\000a\000r\000s\000i\000n\000g\000\051}{subsection.4.2}% 62
\BOOKMARK [3][-]{subsubsection.4.2.3}{\376\377\0003\000.\000\040\226\104\137\125\377\032\154\111\202\361\123\345\154\325\176\323\147\204\133\371\153\324\000\040\000\050\221\315\160\271\000\051}{subsection.4.2}% 63
\BOOKMARK [2][-]{subsection.4.3}{\376\377\213\355\116\111\122\006\147\220\000\040\000\050\000S\000e\000m\000a\000n\000t\000i\000c\000\040\000A\000n\000a\000l\000y\000s\000i\000s\000\051}{section.4}% 64
\BOOKMARK [3][-]{subsubsection.4.3.1}{\376\377\0001\000.\000\040\213\355\116\111\153\147\116\111\000\040\000\050\000S\000e\000m\000a\000n\000t\000i\000c\000\040\000A\000m\000b\000i\000g\000u\000i\000t\000y\000\051}{subsection.4.3}% 65
\BOOKMARK [3][-]{subsubsection.4.3.2}{\376\377\0002\000.\000\040\213\355\116\111\177\121\176\334\000\040\000\050\000S\000e\000m\000a\000n\000t\000i\000c\000\040\000N\000e\000t\000w\000o\000r\000k\000\051}{subsection.4.3}% 66
\BOOKMARK [3][-]{subsubsection.4.3.3}{\376\377\0003\000.\000\040\213\355\116\111\211\322\202\162\150\007\154\350\000\040\000\050\000S\000R\000L\000\051}{subsection.4.3}% 67
\BOOKMARK [1][-]{section.5}{\376\377\171\136\176\317\177\121\176\334\116\016\213\355\212\000\152\041\127\213\000\040\000\050\0006\133\146\145\366\000\040\137\040\133\266\117\312\000\051}{}% 68
\BOOKMARK [2][-]{subsection.5.1}{\376\377\0001\000.\000\040\171\136\176\317\177\121\176\334\127\372\170\100\000\040\000\050\000N\000e\000u\000r\000a\000l\000\040\000N\000e\000t\000w\000o\000r\000k\000s\000\040\000O\000v\000e\000r\000v\000i\000e\000w\000\051}{section.5}% 69
\BOOKMARK [3][-]{subsubsection.5.1.1}{\376\377\0001\000.\0001\000\040\171\136\176\317\121\103\152\041\127\213\000\040\000\050\000M\000-\000P\000\040\000M\000o\000d\000e\000l\000\051}{subsection.5.1}% 70
\BOOKMARK [3][-]{subsubsection.5.1.2}{\376\377\0001\000.\0002\000\040\150\070\137\303\157\300\155\073\121\375\145\160}{subsection.5.1}% 71
\BOOKMARK [2][-]{subsection.5.2}{\376\377\0002\000.\000\040\122\115\231\210\171\136\176\317\177\121\176\334\213\355\212\000\152\041\127\213\000\040\000\050\000F\000F\000N\000N\000-\000L\000M\000\051}{section.5}% 72
\BOOKMARK [3][-]{subsubsection.5.2.1}{\376\377\0002\000.\0001\000\040\122\250\147\072\377\032\211\343\121\263\000\040\000N\000-\000g\000r\000a\000m\000\040\166\204\116\044\131\047\165\333\160\271}{subsection.5.2}% 73
\BOOKMARK [3][-]{subsubsection.5.2.2}{\376\377\0002\000.\0002\000\040\152\041\127\213\147\266\147\204\000\040\000\050\000B\000e\000n\000g\000i\000o\000\040\000e\000t\000\040\000a\000l\000.\000,\000\040\0002\0000\0000\0003\000\051}{subsection.5.2}% 74
\BOOKMARK [3][-]{subsubsection.5.2.3}{\376\377\0002\000.\0003\000\040\123\315\124\021\117\040\144\255\143\250\133\374\000\040\000\050\000B\000a\000c\000k\000-\000P\000r\000o\000p\000a\000g\000a\000t\000i\000o\000n\000\040\000D\000e\000t\000a\000i\000l\000s\000\051}{subsection.5.2}% 75
\BOOKMARK [2][-]{subsection.5.3}{\376\377\0003\000.\000\040\137\252\163\257\171\136\176\317\177\121\176\334\213\355\212\000\152\041\127\213\000\040\000\050\000R\000N\000N\000-\000L\000M\000\051}{section.5}% 76
\BOOKMARK [3][-]{subsubsection.5.3.1}{\376\377\0003\000.\0001\000\040\150\070\137\303\121\154\137\017}{subsection.5.3}% 77
\BOOKMARK [3][-]{subsubsection.5.3.2}{\376\377\0003\000.\0002\000\040\000B\000P\000T\000T\000\040\116\016\000\040\150\257\136\246\225\356\230\230}{subsection.5.3}% 78
\BOOKMARK [2][-]{subsection.5.4}{\376\377\0004\000.\000\040\225\177\167\355\145\366\213\260\137\306\177\121\176\334\000\040\000\050\000L\000S\000T\000M\000\051}{section.5}% 79
\BOOKMARK [3][-]{subsubsection.5.4.1}{\376\377\0004\000.\0001\000\040\150\070\137\303\147\072\122\066\377\032\116\011\225\350\116\000\200\336}{subsection.5.4}% 80
\BOOKMARK [2][-]{subsection.5.5}{\376\377\0005\000.\000\040\201\352\154\350\141\017\122\233\147\072\122\066\000\040\000\050\000S\000e\000l\000f\000-\000A\000t\000t\000e\000n\000t\000i\000o\000n\000\051}{section.5}% 81
\BOOKMARK [3][-]{subsubsection.5.5.1}{\376\377\0005\000.\0001\000\040\122\250\147\072}{subsection.5.5}% 82
\BOOKMARK [3][-]{subsubsection.5.5.2}{\376\377\0005\000.\0002\000\040\213\241\173\227\153\145\232\244\000\040\000\050\000S\000c\000a\000l\000e\000d\000\040\000D\000o\000t\000-\000P\000r\000o\000d\000u\000c\000t\000\040\000A\000t\000t\000e\000n\000t\000i\000o\000n\000\051}{subsection.5.5}% 83
\BOOKMARK [3][-]{subsubsection.5.5.3}{\376\377\0005\000.\0003\000\040\131\032\131\064\154\350\141\017\122\233\000\040\000\050\000M\000u\000l\000t\000i\000-\000H\000e\000a\000d\000\040\000A\000t\000t\000e\000n\000t\000i\000o\000n\000\051}{subsection.5.5}% 84
\BOOKMARK [3][-]{subsubsection.5.5.4}{\376\377\0005\000.\0004\000\040\000G\000P\000T\000\040\000\050\000G\000e\000n\000e\000r\000a\000t\000i\000v\000e\000\040\000P\000r\000e\000-\000t\000r\000a\000i\000n\000e\000d\000\040\000T\000r\000a\000n\000s\000f\000o\000r\000m\000e\000r\000\051}{subsection.5.5}% 85
\BOOKMARK [1][-]{section.6}{\376\377\145\207\147\054\210\150\171\072\000\040\000\050\000T\000e\000x\000t\000\040\000R\000e\000p\000r\000e\000s\000e\000n\000t\000a\000t\000i\000o\000n\000\051\000\040\000\050\0003\133\146\145\366\000\040\137\040\133\266\117\312\000\051}{}% 86
\BOOKMARK [2][-]{subsection.6.1}{\376\377\0001\000.\000\040\124\021\221\317\172\172\225\364\152\041\127\213\000\040\000\050\000V\000e\000c\000t\000o\000r\000\040\000S\000p\000a\000c\000e\000\040\000M\000o\000d\000e\000l\000,\000\040\000V\000S\000M\000\051}{section.6}% 87
\BOOKMARK [3][-]{subsubsection.6.1.1}{\376\377\0001\000.\0001\000\040\127\372\147\054\151\202\137\365}{subsection.6.1}% 88
\BOOKMARK [3][-]{subsubsection.6.1.2}{\376\377\0001\000.\0002\000\040\225\177\136\246\211\304\203\003\123\026}{subsection.6.1}% 89
\BOOKMARK [3][-]{subsubsection.6.1.3}{\376\377\0001\000.\0003\000\040\171\273\145\143\173\046\123\367\210\150\171\072\166\204\177\072\226\167}{subsection.6.1}% 90
\BOOKMARK [2][-]{subsection.6.2}{\376\377\0002\000.\000\040\213\315\213\355\166\204\210\150\171\072\133\146\116\140\000\040\000\050\000W\000o\000r\000d\000\040\000E\000m\000b\000e\000d\000d\000i\000n\000g\000\051}{section.6}% 91
\BOOKMARK [3][-]{subsubsection.6.2.1}{\376\377\0002\000.\0001\000\040\122\006\136\003\137\017\120\107\213\276\000\040\000\050\000D\000i\000s\000t\000r\000i\000b\000u\000t\000i\000o\000n\000a\000l\000\040\000H\000y\000p\000o\000t\000h\000e\000s\000i\000s\000\051}{subsection.6.2}% 92
\BOOKMARK [3][-]{subsubsection.6.2.2}{\376\377\0002\000.\0002\000\040\127\372\116\216\213\355\212\000\152\041\127\213\166\204\145\271\154\325}{subsection.6.2}% 93
\BOOKMARK [3][-]{subsubsection.6.2.3}{\376\377\0002\000.\0003\000\040\000C\000\046\000W\000\040\152\041\127\213\000\040\000\050\000C\000o\000l\000l\000o\000b\000e\000r\000t\000\040\000\046\000\040\000W\000e\000s\000t\000o\000n\000,\000\040\0002\0000\0000\0008\000\051}{subsection.6.2}% 94
\BOOKMARK [3][-]{subsubsection.6.2.4}{\376\377\0002\000.\0004\000\040\000W\000o\000r\000d\0002\000V\000e\000c\000\040\000\050\000M\000i\000k\000o\000l\000o\000v\000\040\000e\000t\000\040\000a\000l\000.\000,\000\040\0002\0000\0001\0003\000\051\000\040\000[\150\070\137\303\200\003\160\271\000]}{subsection.6.2}% 95
\BOOKMARK [3][-]{subsubsection.6.2.5}{\376\377\0002\000.\0005\000\040\000G\000l\000o\000V\000e\000\040\000\050\000G\000l\000o\000b\000a\000l\000\040\000V\000e\000c\000t\000o\000r\000s\000\051}{subsection.6.2}% 96
\BOOKMARK [2][-]{subsection.6.3}{\376\377\0003\000.\000\040\167\355\213\355\116\016\123\345\133\120\210\150\171\072\133\146\116\140}{section.6}% 97
\BOOKMARK [3][-]{subsubsection.6.3.1}{\376\377\0003\000.\0001\000\040\127\372\170\100\176\304\124\010\145\271\154\325}{subsection.6.3}% 98
\BOOKMARK [3][-]{subsubsection.6.3.2}{\376\377\0003\000.\0002\000\040\127\372\116\216\171\136\176\317\177\121\176\334\166\204\145\271\154\325}{subsection.6.3}% 99
\BOOKMARK [2][-]{subsection.6.4}{\376\377\0004\000.\000\040\145\207\150\143\210\150\171\072\133\146\116\140}{section.6}% 100
\BOOKMARK [3][-]{subsubsection.6.4.1}{\376\377\0004\000.\0001\000\040\134\102\153\041\123\026\154\350\141\017\122\233\152\041\127\213\000\040\000\050\000H\000A\000N\000\051}{subsection.6.4}% 101
\BOOKMARK [3][-]{subsubsection.6.4.2}{\376\377\0004\000.\0002\000\040\000D\000o\000c\0002\000V\000e\000c\000\040\000\050\000P\000a\000r\000a\000g\000r\000a\000p\000h\000\040\000V\000e\000c\000t\000o\000r\000\051}{subsection.6.4}% 102
\BOOKMARK [1][-]{section.7}{\376\377\131\047\213\355\212\000\152\041\127\213\123\312\121\166\213\255\176\303\000\040\000\050\0006\133\146\145\366\000\040\137\040\133\266\117\312\000\051}{}% 103
\BOOKMARK [2][-]{subsection.7.1}{\376\377\0001\000.\000\040\230\204\213\255\176\303\213\355\212\000\152\041\127\213\157\024\217\333}{section.7}% 104
\BOOKMARK [3][-]{subsubsection.7.1.1}{\376\377\0001\000.\0001\000\040\000E\000L\000M\000o\000\040\000\050\000E\000m\000b\000e\000d\000d\000i\000n\000g\000s\000\040\000f\000r\000o\000m\000\040\000L\000a\000n\000g\000u\000a\000g\000e\000\040\000M\000o\000d\000e\000l\000s\000\051}{subsection.7.1}% 105
\BOOKMARK [3][-]{subsubsection.7.1.2}{\376\377\0001\000.\0002\000\040\000G\000P\000T\000\040\000\050\000G\000e\000n\000e\000r\000a\000t\000i\000v\000e\000\040\000P\000r\000e\000-\000T\000r\000a\000i\000n\000i\000n\000g\000\051}{subsection.7.1}% 106
\BOOKMARK [3][-]{subsubsection.7.1.3}{\376\377\0001\000.\0003\000\040\000B\000E\000R\000T\000\040\000\050\000B\000i\000d\000i\000r\000e\000c\000t\000i\000o\000n\000a\000l\000\040\000E\000n\000c\000o\000d\000e\000r\000\040\000R\000e\000p\000r\000e\000s\000e\000n\000t\000a\000t\000i\000o\000n\000s\000\040\000f\000r\000o\000m\000\040\000T\000r\000a\000n\000s\000f\000o\000r\000m\000e\000r\000s\000\051}{subsection.7.1}% 107
\BOOKMARK [2][-]{subsection.7.2}{\376\377\0002\000.\000\040\213\255\176\303\145\160\143\156\135\345\172\013}{section.7}% 108
\BOOKMARK [3][-]{subsubsection.7.2.1}{\376\377\0002\000.\0001\000\040\145\160\143\156\147\145\156\220\000\040\000\050\000S\000o\000u\000r\000c\000e\000s\000\051}{subsection.7.2}% 109
\BOOKMARK [3][-]{subsubsection.7.2.2}{\376\377\0002\000.\0002\000\040\145\160\143\156\131\004\164\006\155\101\154\064\176\277\000\040\000\050\000P\000i\000p\000e\000l\000i\000n\000e\000\051}{subsection.7.2}% 110
\BOOKMARK [3][-]{subsubsection.7.2.3}{\376\377\0002\000.\0003\000\040\145\160\143\156\221\115\153\324\000\040\000\050\000D\000a\000t\000a\000\040\000M\000i\000x\000t\000u\000r\000e\000\051}{subsection.7.2}% 111
\BOOKMARK [2][-]{subsection.7.3}{\376\377\0003\000.\000\040\232\330\145\110\136\166\210\114\213\255\176\303\145\271\154\325}{section.7}% 112
\BOOKMARK [3][-]{subsubsection.7.3.1}{\376\377\0003\000.\0001\000\040\146\076\133\130\123\140\165\050\122\006\147\220}{subsection.7.3}% 113
\BOOKMARK [3][-]{subsubsection.7.3.2}{\376\377\0003\000.\0002\000\040\0003\000D\000\040\136\166\210\114\173\126\165\145\000\040\000\050\0003\000D\000\040\000P\000a\000r\000a\000l\000l\000e\000l\000i\000s\000m\000\051}{subsection.7.3}% 114
\BOOKMARK [3][-]{subsubsection.7.3.3}{\376\377\0003\000.\0003\000\040\146\076\133\130\117\030\123\026\142\200\147\057}{subsection.7.3}% 115
\BOOKMARK [2][-]{subsection.7.4}{\376\377\0004\000.\000\040\137\256\214\003\116\016\133\371\237\120}{section.7}% 116
\BOOKMARK [3][-]{subsubsection.7.4.1}{\376\377\0004\000.\0001\000\040\143\007\116\344\137\256\214\003\000\040\000\050\000I\000n\000s\000t\000r\000u\000c\000t\000i\000o\000n\000\040\000T\000u\000n\000i\000n\000g\000\051}{subsection.7.4}% 117
\BOOKMARK [3][-]{subsubsection.7.4.2}{\376\377\0004\000.\0002\000\040\127\372\116\216\116\272\174\173\123\315\231\210\166\204\137\072\123\026\133\146\116\140\000\040\000\050\000R\000L\000H\000F\000\051}{subsection.7.4}% 118
\BOOKMARK [3][-]{subsubsection.7.4.3}{\376\377\0004\000.\0003\000\040\166\364\143\245\120\117\131\175\117\030\123\026\000\040\000\050\000D\000P\000O\000,\000\040\000D\000i\000r\000e\000c\000t\000\040\000P\000r\000e\000f\000e\000r\000e\000n\000c\000e\000\040\000O\000p\000t\000i\000m\000i\000z\000a\000t\000i\000o\000n\000\051}{subsection.7.4}% 119
\BOOKMARK [2][-]{subsection.7.5}{\376\377\0005\000.\000\040\143\320\171\072\133\146\116\140}{section.7}% 120
\BOOKMARK [3][-]{subsubsection.7.5.1}{\376\377\0005\000.\0001\000\040\116\012\116\013\145\207\133\146\116\140\000\040\000\050\000I\000n\000-\000C\000o\000n\000t\000e\000x\000t\000\040\000L\000e\000a\000r\000n\000i\000n\000g\000,\000\040\000I\000C\000L\000\051}{subsection.7.5}% 121
\BOOKMARK [3][-]{subsubsection.7.5.2}{\376\377\0005\000.\0002\000\040\140\035\176\364\224\376\000\040\000\050\000C\000h\000a\000i\000n\000-\000o\000f\000-\000T\000h\000o\000u\000g\000h\000t\000,\000\040\000C\000o\000T\000\051}{subsection.7.5}% 122
\BOOKMARK [1][-]{section.8}{\376\377\131\047\152\041\127\213\121\166\116\326\167\345\213\306\000\040\000\050\0006\133\146\145\366\000\040\137\040\133\266\117\312\000\051}{}% 123
\BOOKMARK [2][-]{subsection.8.1}{\376\377\0001\000.\000\040\131\032\213\355\212\000\131\047\152\041\127\213\000\040\000\050\000M\000u\000l\000t\000i\000l\000i\000n\000g\000u\000a\000l\000\040\000L\000L\000M\000\051}{section.8}% 124
\BOOKMARK [3][-]{subsubsection.8.1.1}{\376\377\0001\000.\0001\000\040\200\314\146\157\116\016\143\021\142\030}{subsection.8.1}% 125
\BOOKMARK [3][-]{subsubsection.8.1.2}{\376\377\0001\000.\0002\000\040\121\163\225\056\142\200\147\057}{subsection.8.1}% 126
\BOOKMARK [2][-]{subsection.8.2}{\376\377\0002\000.\000\040\131\032\152\041\140\001\131\047\152\041\127\213\000\040\000\050\000M\000u\000l\000t\000i\000m\000o\000d\000a\000l\000\040\000L\000L\000M\000\051}{section.8}% 127
\BOOKMARK [3][-]{subsubsection.8.2.1}{\376\377\0002\000.\0001\000\040\147\266\147\204\203\003\137\017}{subsection.8.2}% 128
\BOOKMARK [3][-]{subsubsection.8.2.2}{\376\377\0002\000.\0002\000\040\176\317\121\170\152\041\127\213}{subsection.8.2}% 129
\BOOKMARK [2][-]{subsection.8.3}{\376\377\0003\000.\000\040\150\300\175\042\130\236\137\072\165\037\142\020\000\040\000\050\000R\000A\000G\000\051}{section.8}% 130
\BOOKMARK [3][-]{subsubsection.8.3.1}{\376\377\0003\000.\0001\000\040\150\070\137\303\122\250\147\072}{subsection.8.3}% 131
\BOOKMARK [3][-]{subsubsection.8.3.2}{\376\377\0003\000.\0002\000\040\000R\000A\000G\000\040\217\333\123\026\203\003\137\017}{subsection.8.3}% 132
\BOOKMARK [3][-]{subsubsection.8.3.3}{\376\377\0003\000.\0003\000\040\121\163\225\056\142\200\147\057\176\306\202\202}{subsection.8.3}% 133
\BOOKMARK [3][-]{subsubsection.8.3.4}{\376\377\0003\000.\0004\000\040\213\304\117\060\117\123\174\373\000\040\000\050\000R\000A\000G\000A\000S\000\051}{subsection.8.3}% 134
\BOOKMARK [1][-]{section.9}{\376\377\000N\000L\000P\136\224\165\050\116\373\122\241\000\040\000\050\0006\133\146\145\366\000\040\137\040\133\266\117\312\000\051}{}% 135
\BOOKMARK [2][-]{subsection.9.1}{\376\377\0001\000.\000\040\145\207\147\054\122\006\174\173\000\040\000\050\000T\000e\000x\000t\000\040\000C\000l\000a\000s\000s\000i\000f\000i\000c\000a\000t\000i\000o\000n\000\051}{section.9}% 136
\BOOKMARK [3][-]{subsubsection.9.1.1}{\376\377\0001\000.\0001\000\040\116\373\122\241\133\232\116\111}{subsection.9.1}% 137
\BOOKMARK [3][-]{subsubsection.9.1.2}{\376\377\0001\000.\0002\000\040\117\040\176\337\147\072\126\150\133\146\116\140\145\271\154\325}{subsection.9.1}% 138
\BOOKMARK [3][-]{subsubsection.9.1.3}{\376\377\0001\000.\0003\000\040\155\361\136\246\133\146\116\140\145\271\154\325}{subsection.9.1}% 139
\BOOKMARK [2][-]{subsection.9.2}{\376\377\0002\000.\000\040\145\207\147\054\200\132\174\173\000\040\000\050\000T\000e\000x\000t\000\040\000C\000l\000u\000s\000t\000e\000r\000i\000n\000g\000\051}{section.9}% 140
\BOOKMARK [2][-]{subsection.9.3}{\376\377\0003\000.\000\040\117\341\140\157\142\275\123\326\000\040\000\050\000I\000n\000f\000o\000r\000m\000a\000t\000i\000o\000n\000\040\000E\000x\000t\000r\000a\000c\000t\000i\000o\000n\000\051}{section.9}% 141
\BOOKMARK [3][-]{subsubsection.9.3.1}{\376\377\0003\000.\0001\000\040\124\175\124\015\133\236\117\123\213\306\122\053\000\040\000\050\000N\000E\000R\000\051}{subsection.9.3}% 142
\BOOKMARK [3][-]{subsubsection.9.3.2}{\376\377\0003\000.\0002\000\040\121\163\174\373\142\275\123\326\000\040\000\050\000R\000e\000l\000a\000t\000i\000o\000n\000\040\000E\000x\000t\000r\000a\000c\000t\000i\000o\000n\000\051}{subsection.9.3}% 143
\BOOKMARK [3][-]{subsubsection.9.3.3}{\376\377\0003\000.\0003\000\040\116\213\116\366\142\275\123\326\000\040\000\050\000E\000v\000e\000n\000t\000\040\000E\000x\000t\000r\000a\000c\000t\000i\000o\000n\000\051}{subsection.9.3}% 144
\BOOKMARK [2][-]{subsection.9.4}{\376\377\0004\000.\000\040\147\072\126\150\177\373\213\321\000\040\000\050\000M\000a\000c\000h\000i\000n\000e\000\040\000T\000r\000a\000n\000s\000l\000a\000t\000i\000o\000n\000\051}{section.9}% 145
\BOOKMARK [1][-]{section.10}{\376\377\213\376\172\013\140\073\176\323\116\016\134\125\147\033\000\040\000\050\0003\133\146\145\366\000\040\133\227\142\020\136\206\000\051}{}% 146
\BOOKMARK [2][-]{subsection.10.1}{\376\377\213\376\172\013\121\205\133\271\126\336\230\176}{section.10}% 147
\BOOKMARK [2][-]{subsection.10.2}{\376\377\133\146\171\321\163\260\162\266\122\006\147\220}{section.10}% 148
\BOOKMARK [2][-]{subsection.10.3}{\376\377\147\052\147\145\134\125\147\033}{section.10}% 149
\BOOKMARK [2][-]{subsection.10.4}{\376\377\121\163\116\216\213\376\172\013\200\003\150\070}{section.10}% 150
\BOOKMARK [1][-]{section.11}{\376\377\200\003\150\070\000\040\000\050\0002\133\146\145\366\000\040\133\227\142\020\136\206\000\051}{}% 151
\BOOKMARK [2][-]{subsection.11.1}{\376\377\200\003\213\325}{section.11}% 152
\BOOKMARK [1][-]{section*.14}{\376\377\226\104\137\125\377\032\136\070\165\050\000\040\000L\000a\000T\000e\000X\000\040\152\041\147\177}{}% 153
