\BOOKMARK [1][-]{section.1}{\376\377\176\352\213\272\000\040\000\050\0003\133\146\145\366\000\040\124\021\116\026\146\016\000\051}{}% 1
\BOOKMARK [2][-]{subsection.1.1}{\376\377\152\041\137\017\213\306\122\053\127\372\170\100}{section.1}% 2
\BOOKMARK [2][-]{subsection.1.2}{\376\377\152\041\137\017\213\306\122\053\174\373\176\337\155\101\172\013}{section.1}% 3
\BOOKMARK [2][-]{subsection.1.3}{\376\377\152\041\137\017\213\306\122\053\174\373\176\337\213\276\213\241}{section.1}% 4
\BOOKMARK [2][-]{subsection.1.4}{\376\377\152\041\137\017\213\306\122\053\145\271\154\325\122\006\174\173}{section.1}% 5
\BOOKMARK [2][-]{subsection.1.5}{\376\377\147\054\213\376\172\013\121\205\133\271\117\123\174\373}{section.1}% 6
\BOOKMARK [1][-]{section.2}{\376\377\215\035\123\366\145\257\121\263\173\126\164\006\213\272\000\040\000\050\0003\133\146\145\366\000\040\124\021\116\026\146\016\000\051}{}% 7
\BOOKMARK [2][-]{subsection.2.1}{\376\377\150\070\137\303\121\154\137\017}{section.2}% 8
\BOOKMARK [2][-]{subsection.2.2}{\376\377\147\000\134\017\225\031\213\357\163\207\215\035\123\366\145\257\121\263\173\126}{section.2}% 9
\BOOKMARK [2][-]{subsection.2.3}{\376\377\147\000\134\017\230\316\226\151\215\035\123\366\145\257\121\263\173\126}{section.2}% 10
\BOOKMARK [2][-]{subsection.2.4}{\376\377\136\046\142\322\213\306\166\204\215\035\123\366\145\257\121\263\173\126\000\040\000\050\000R\000e\000j\000e\000c\000t\000\040\000O\000p\000t\000i\000o\000n\000\051}{section.2}% 11
\BOOKMARK [2][-]{subsection.2.5}{\376\377\137\000\145\076\226\306\213\306\122\053\000\040\000\050\000O\000p\000e\000n\000\040\000S\000e\000t\000\040\000R\000e\000c\000o\000g\000n\000i\000t\000i\000o\000n\000\051}{section.2}% 12
\BOOKMARK [2][-]{subsection.2.6}{\376\377\122\006\174\173\126\150\213\276\213\241}{section.2}% 13
\BOOKMARK [2][-]{subsection.2.7}{\376\377\232\330\145\257\133\306\136\246\116\013\166\204\122\044\122\053\121\375\145\160}{section.2}% 14
\BOOKMARK [3][-]{subsubsection.2.7.1}{\376\377\140\305\137\142\116\000\377\032\000i\000\040\000=\000\040\0002\000\040\000I\377\010\124\004\162\171\137\201\162\354\172\313\116\024\145\271\135\356\166\370\173\111\377\011}{subsection.2.7}% 15
\BOOKMARK [3][-]{subsubsection.2.7.2}{\376\377\140\305\137\142\116\214\377\032\000i\000\040\000=\000\040\377\010\123\117\145\271\135\356\167\351\226\065\166\370\173\111\377\011}{subsection.2.7}% 16
\BOOKMARK [3][-]{subsubsection.2.7.3}{\376\377\140\305\137\142\116\011\377\032\000i\000\040\000=\000j\377\010\123\117\145\271\135\356\167\351\226\065\116\373\141\017\377\011}{subsection.2.7}% 17
\BOOKMARK [2][-]{subsection.2.8}{\376\377\225\031\213\357\163\207\122\006\147\220}{section.2}% 18
\BOOKMARK [2][-]{subsection.2.9}{\376\377\171\273\145\143\162\171\137\201\215\035\123\366\145\257\122\006\174\173}{section.2}% 19
\BOOKMARK [3][-]{subsubsection.2.9.1}{\376\377\162\354\172\313\116\214\120\074\162\171\137\201\000\040\000\050\000I\000n\000d\000e\000p\000e\000n\000d\000e\000n\000t\000\040\000B\000i\000n\000a\000r\000y\000\040\000F\000e\000a\000t\000u\000r\000e\000s\000\051}{subsection.2.9}% 20
\BOOKMARK [2][-]{subsection.2.10}{\376\377\131\015\124\010\152\041\137\017\122\006\174\173\000\040\000\050\000C\000o\000m\000p\000o\000u\000n\000d\000\040\000D\000e\000c\000i\000s\000i\000o\000n\000\051}{section.2}% 21
\BOOKMARK [2][-]{subsection.2.11}{\376\377\131\032\122\006\174\173\126\150\207\215\124\010\000\040\000\050\000M\000u\000l\000t\000i\000-\000c\000l\000a\000s\000s\000i\000f\000i\000e\000r\000\040\000F\000u\000s\000i\000o\000n\000\051}{section.2}% 22
\BOOKMARK [2][-]{subsection.2.12}{\376\377\152\041\137\017\122\006\174\173\116\016\162\171\137\201\166\204\121\163\174\373}{section.2}% 23
\BOOKMARK [1][-]{section.3}{\376\377\151\202\163\207\133\306\136\246\121\375\145\160\117\060\213\241\000\040\000\050\0006\133\146\145\366\000\040\137\040\161\325\146\016\000\051}{}% 24
\BOOKMARK [2][-]{subsection.3.1}{\376\377\127\372\147\054\151\202\137\365}{section.3}% 25
\BOOKMARK [2][-]{subsection.3.2}{\376\377\147\000\131\047\117\074\161\066\117\060\213\241\000\040\000\050\000M\000a\000x\000i\000m\000u\000m\000\040\000L\000i\000k\000e\000l\000i\000h\000o\000o\000d\000\040\000E\000s\000t\000i\000m\000a\000t\000i\000o\000n\000,\000\040\000M\000L\000E\000\051}{section.3}% 26
\BOOKMARK [2][-]{subsection.3.3}{\376\377\215\035\123\366\145\257\117\060\213\241\000\040\000\050\000B\000a\000y\000e\000s\000i\000a\000n\000\040\000E\000s\000t\000i\000m\000a\000t\000i\000o\000n\000\051}{section.3}% 27
\BOOKMARK [2][-]{subsection*.4}{\376\377\210\145\121\105\173\024\213\260\377\032\215\035\123\366\145\257\117\060\213\241\121\154\137\017\213\346\211\343}{section.3}% 28
\BOOKMARK [2][-]{subsection.3.4}{\376\377\153\143\140\001\122\006\136\003\116\013\166\204\215\035\123\366\145\257\117\060\213\241}{section.3}% 29
\BOOKMARK [2][-]{subsection.3.5}{\376\377\215\035\123\366\145\257\133\146\116\140\000\040\000\050\000B\000a\000y\000e\000s\000i\000a\000n\000\040\000L\000e\000a\000r\000n\000i\000n\000g\000\051}{section.3}% 30
\BOOKMARK [3][-]{subsubsection.3.5.1}{\376\377\0001\000.\000\040\217\355\116\343\146\364\145\260\121\154\137\017}{subsection.3.5}% 31
\BOOKMARK [3][-]{subsubsection.3.5.2}{\376\377\0002\000.\000\040\133\236\117\213\377\032\127\107\123\000\122\006\136\003\217\271\165\114\166\204\117\060\213\241}{subsection.3.5}% 32
\BOOKMARK [2][-]{subsection.3.6}{\376\377\162\171\137\201\176\364\145\160\225\356\230\230}{section.3}% 33
\BOOKMARK [2][-]{subsection.3.7}{\376\377\147\037\147\033\147\000\131\047\123\026\000\040\000\050\000E\000M\000\051\000\040\173\227\154\325}{section.3}% 34
\BOOKMARK [3][-]{subsubsection.3.7.1}{\376\377\0001\000.\000\040\176\317\121\170\150\110\117\213\377\032\116\011\170\154\136\001\152\041\127\213\000\040\000\050\000T\000h\000e\000\040\000T\000h\000r\000e\000e\000\040\000C\000o\000i\000n\000s\000\040\000E\000x\000a\000m\000p\000l\000e\000\051}{subsection.3.7}% 35
\BOOKMARK [3][-]{subsubsection.3.7.2}{\376\377\0002\000.\000\040\000E\000M\000\040\173\227\154\325\127\050\232\330\145\257\155\367\124\010\152\041\127\213\000\040\000\050\000G\000M\000M\000\051\000\040\116\055\166\204\136\224\165\050}{subsection.3.7}% 36
\BOOKMARK [3][-]{subsubsection.3.7.3}{\376\377\0003\000.\000\040\000E\000M\000\040\173\227\154\325\140\073\176\323}{subsection.3.7}% 37
\BOOKMARK [2][-]{subsection.3.8}{\376\377\226\220\232\154\134\024\123\357\131\053\152\041\127\213\000\040\000\050\000H\000M\000M\000\051\000\040\213\346\211\343\116\016\133\236\117\213}{section.3}% 38
\BOOKMARK [3][-]{subsubsection.3.8.1}{\376\377\0001\000.\000\040\121\167\117\123\166\204\152\041\127\213\133\232\116\111\116\016\167\351\226\065\133\236\117\213}{subsection.3.8}% 39
\BOOKMARK [3][-]{subsubsection.3.8.2}{\376\377\0002\000.\000\040\162\266\140\001\217\154\171\373\126\376\000\040\000\050\000S\000t\000a\000t\000e\000\040\000T\000r\000a\000n\000s\000i\000t\000i\000o\000n\000\040\000D\000i\000a\000g\000r\000a\000m\000\051}{subsection.3.8}% 40
\BOOKMARK [3][-]{subsubsection.3.8.3}{\376\377\0003\000.\000\040\000H\000M\000M\000\040\166\204\116\011\116\052\150\070\137\303\225\356\230\230\143\250\133\374}{subsection.3.8}% 41
\BOOKMARK [1][-]{section.4}{\376\377\227\136\123\302\145\160\154\325\000\040\000\050\000N\000o\000n\000-\000p\000a\000r\000a\000m\000e\000t\000r\000i\000c\000\040\000M\000e\000t\000h\000o\000d\000s\000\051\000\040\000\050\0003\133\146\145\366\000\040\137\040\161\325\146\016\000\051}{}% 42
\BOOKMARK [2][-]{subsection.4.1}{\376\377\0001\000.\000\040\137\025\212\000\377\032\116\072\116\300\116\110\211\201\165\050\227\136\123\302\145\160\154\325\377\037}{section.4}% 43
\BOOKMARK [2][-]{subsection.4.2}{\376\377\0002\000.\000\040\151\202\163\207\133\306\136\246\117\060\213\241\166\204\127\372\147\054\123\237\164\006}{section.4}% 44
\BOOKMARK [2][-]{subsection.4.3}{\376\377\0003\000.\000\040\000P\000a\000r\000z\000e\000n\172\227\117\060\213\241\000\040\000\050\150\070\133\306\136\246\117\060\213\241\000\051}{section.4}% 45
\BOOKMARK [2][-]{subsection.4.4}{\376\377\0004\000.\000\040\000k\000n\000-\217\321\220\273\117\060\213\241\000\040\000\050\000k\000-\000N\000N\000\040\000E\000s\000t\000i\000m\000a\000t\000i\000o\000n\000\051}{section.4}% 46
\BOOKMARK [2][-]{subsection.4.5}{\376\377\0005\000.\000\040\147\000\217\321\220\273\122\006\174\173\126\150\000\040\000\050\000N\000e\000a\000r\000e\000s\000t\000\040\000N\000e\000i\000g\000h\000b\000o\000r\000\040\000R\000u\000l\000e\000\051}{section.4}% 47
\BOOKMARK [2][-]{subsection.4.6}{\376\377\0006\000.\000\040\213\241\173\227\131\015\147\102\136\246\166\204\117\030\123\026}{section.4}% 48
\BOOKMARK [2][-]{subsection.4.7}{\376\377\0007\000.\000\040\215\335\171\273\136\246\221\317\116\016\122\007\215\335\171\273}{section.4}% 49
\BOOKMARK [1][-]{section*.15}{\376\377\226\104\137\125\377\032\136\070\165\050\000\040\000L\000a\000T\000e\000X\000\040\152\041\147\177}{}% 50
